// Jest Snapshot v1, https://goo.gl/fbAQLP

exports[`Home is ok renderer 1`] = `
<div
  className="home"
>
  1990
  <button
    onClick={[Function]}
  >
    Cambiar a√±o
  </button>
  <div
    className="date-display"
  >
    12/19/2019
  </div>
  <div
    className="card-row"
  />
</div>
`;
