// Jest Snapshot v1, https://goo.gl/fbAQLP

exports[`CardRow is ok renderer 1`] = `
<div
  className="card-row"
/>
`;
